// Jest Snapshot v1, https://goo.gl/fbAQLP

exports[`TestNgrxComponent should match the markup after ngInit 1`] = `
<tmp-test-ngrx
  _testDataFacade={[Function TestDataFacadeMock]}
  specificData$={[Function Observable]}
  testData$={[Function Observable]}
  testDataById$={[Function Observable]}
>
  <div>
    <p>
      Wir haben 1 Test Daten
    </p>
  </div><div>
    <p>
      Specific Date:
    </p>
    <ul>
      <li>
        johannes
      </li>
      <li>
        schäfer
      </li>
    </ul>
  </div><div>
    <p>
      Data by ID
    </p>
    <ul>
      <li>
        johannes
      </li>
      <li>
        schäfer
      </li>
    </ul>
  </div>
</tmp-test-ngrx>
`;
